Archive member included to satisfy reference by file (symbol)

c:/mounriver/mounriver_studio2/resources/app/resources/win32/components/wch/toolchain/risc-v embedded gcc12/bin/../lib/gcc/riscv-wch-elf/12.2.0/rv32ec_zmmul_xw/ilp32e\libgcc.a(adddf3.o)
                              ./User/main.o (__adddf3)
c:/mounriver/mounriver_studio2/resources/app/resources/win32/components/wch/toolchain/risc-v embedded gcc12/bin/../lib/gcc/riscv-wch-elf/12.2.0/rv32ec_zmmul_xw/ilp32e\libgcc.a(divdf3.o)
                              ./User/main.o (__divdf3)
c:/mounriver/mounriver_studio2/resources/app/resources/win32/components/wch/toolchain/risc-v embedded gcc12/bin/../lib/gcc/riscv-wch-elf/12.2.0/rv32ec_zmmul_xw/ilp32e\libgcc.a(gedf2.o)
                              ./User/main.o (__gtdf2)
c:/mounriver/mounriver_studio2/resources/app/resources/win32/components/wch/toolchain/risc-v embedded gcc12/bin/../lib/gcc/riscv-wch-elf/12.2.0/rv32ec_zmmul_xw/ilp32e\libgcc.a(ledf2.o)
                              ./User/main.o (__ltdf2)
c:/mounriver/mounriver_studio2/resources/app/resources/win32/components/wch/toolchain/risc-v embedded gcc12/bin/../lib/gcc/riscv-wch-elf/12.2.0/rv32ec_zmmul_xw/ilp32e\libgcc.a(muldf3.o)
                              ./User/main.o (__muldf3)
c:/mounriver/mounriver_studio2/resources/app/resources/win32/components/wch/toolchain/risc-v embedded gcc12/bin/../lib/gcc/riscv-wch-elf/12.2.0/rv32ec_zmmul_xw/ilp32e\libgcc.a(subdf3.o)
                              ./User/main.o (__subdf3)
c:/mounriver/mounriver_studio2/resources/app/resources/win32/components/wch/toolchain/risc-v embedded gcc12/bin/../lib/gcc/riscv-wch-elf/12.2.0/rv32ec_zmmul_xw/ilp32e\libgcc.a(floatsidf.o)
                              ./User/main.o (__floatsidf)
c:/mounriver/mounriver_studio2/resources/app/resources/win32/components/wch/toolchain/risc-v embedded gcc12/bin/../lib/gcc/riscv-wch-elf/12.2.0/rv32ec_zmmul_xw/ilp32e\libgcc.a(addsf3.o)
                              ./User/main.o (__addsf3)
c:/mounriver/mounriver_studio2/resources/app/resources/win32/components/wch/toolchain/risc-v embedded gcc12/bin/../lib/gcc/riscv-wch-elf/12.2.0/rv32ec_zmmul_xw/ilp32e\libgcc.a(lesf2.o)
                              ./User/main.o (__ltsf2)
c:/mounriver/mounriver_studio2/resources/app/resources/win32/components/wch/toolchain/risc-v embedded gcc12/bin/../lib/gcc/riscv-wch-elf/12.2.0/rv32ec_zmmul_xw/ilp32e\libgcc.a(mulsf3.o)
                              ./User/main.o (__mulsf3)
c:/mounriver/mounriver_studio2/resources/app/resources/win32/components/wch/toolchain/risc-v embedded gcc12/bin/../lib/gcc/riscv-wch-elf/12.2.0/rv32ec_zmmul_xw/ilp32e\libgcc.a(subsf3.o)
                              ./User/main.o (__subsf3)
c:/mounriver/mounriver_studio2/resources/app/resources/win32/components/wch/toolchain/risc-v embedded gcc12/bin/../lib/gcc/riscv-wch-elf/12.2.0/rv32ec_zmmul_xw/ilp32e\libgcc.a(fixunssfsi.o)
                              ./User/main.o (__fixunssfsi)
c:/mounriver/mounriver_studio2/resources/app/resources/win32/components/wch/toolchain/risc-v embedded gcc12/bin/../lib/gcc/riscv-wch-elf/12.2.0/rv32ec_zmmul_xw/ilp32e\libgcc.a(floatsisf.o)
                              ./User/main.o (__floatsisf)
c:/mounriver/mounriver_studio2/resources/app/resources/win32/components/wch/toolchain/risc-v embedded gcc12/bin/../lib/gcc/riscv-wch-elf/12.2.0/rv32ec_zmmul_xw/ilp32e\libgcc.a(extendsfdf2.o)
                              ./User/main.o (__extendsfdf2)
c:/mounriver/mounriver_studio2/resources/app/resources/win32/components/wch/toolchain/risc-v embedded gcc12/bin/../lib/gcc/riscv-wch-elf/12.2.0/rv32ec_zmmul_xw/ilp32e\libgcc.a(truncdfsf2.o)
                              ./User/main.o (__truncdfsf2)
c:/mounriver/mounriver_studio2/resources/app/resources/win32/components/wch/toolchain/risc-v embedded gcc12/bin/../lib/gcc/riscv-wch-elf/12.2.0/rv32ec_zmmul_xw/ilp32e\libgcc.a(save-restore.o)
                              ./User/main.o (__riscv_save_2)
c:/mounriver/mounriver_studio2/resources/app/resources/win32/components/wch/toolchain/risc-v embedded gcc12/bin/../lib/gcc/riscv-wch-elf/12.2.0/rv32ec_zmmul_xw/ilp32e\libgcc.a(div.o)
                              ./User/system_ch32v00X.o (__divsi3)
c:/mounriver/mounriver_studio2/resources/app/resources/win32/components/wch/toolchain/risc-v embedded gcc12/bin/../lib/gcc/riscv-wch-elf/12.2.0/rv32ec_zmmul_xw/ilp32e\libgcc.a(_clzsi2.o)
                              c:/mounriver/mounriver_studio2/resources/app/resources/win32/components/wch/toolchain/risc-v embedded gcc12/bin/../lib/gcc/riscv-wch-elf/12.2.0/rv32ec_zmmul_xw/ilp32e\libgcc.a(adddf3.o) (__clzsi2)
c:/mounriver/mounriver_studio2/resources/app/resources/win32/components/wch/toolchain/risc-v embedded gcc12/bin/../lib/gcc/riscv-wch-elf/12.2.0/rv32ec_zmmul_xw/ilp32e\libgcc.a(_clz.o)
[...]
Memory Configuration

Name             Origin             Length             Attributes
FLASH            0x0000000000000000 0x0000000000004000 xr
RAM              0x0000000020000000 0x0000000000001000 xrw
*default*        0x0000000000000000 0xffffffffffffffff

Linker script and memory map

LOAD ./User/ch32v00X_it.o
LOAD ./User/main.o
LOAD ./User/system_ch32v00X.o
LOAD ./Startup/startup_ch32v00X.o
LOAD ./Peripheral/src/ch32v00X_adc.o
LOAD ./Peripheral/src/ch32v00X_dbgmcu.o
LOAD ./Peripheral/src/ch32v00X_dma.o
LOAD ./Peripheral/src/ch32v00X_exti.o
LOAD ./Peripheral/src/ch32v00X_flash.o
LOAD ./Peripheral/src/ch32v00X_gpio.o
LOAD ./Peripheral/src/ch32v00X_i2c.o
LOAD ./Peripheral/src/ch32v00X_iwdg.o
LOAD ./Peripheral/src/ch32v00X_misc.o
LOAD ./Peripheral/src/ch32v00X_opa.o
LOAD ./Peripheral/src/ch32v00X_pwr.o
LOAD ./Peripheral/src/ch32v00X_rcc.o
LOAD ./Peripheral/src/ch32v00X_spi.o
LOAD ./Peripheral/src/ch32v00X_tim.o
LOAD ./Peripheral/src/ch32v00X_usart.o
LOAD ./Peripheral/src/ch32v00X_wwdg.o
LOAD ./Debug/debug.o
LOAD ./Core/core_riscv.o
LOAD c:/mounriver/mounriver_studio2/resources/app/resources/win32/components/wch/toolchain/risc-v embedded gcc12/bin/../lib/gcc/riscv-wch-elf/12.2.0/../../../../riscv-wch-elf/lib/rv32ec_zmmul_xw/ilp32e\libshlib.a
LOAD c:/mounriver/mounriver_studio2/resources/app/resources/win32/components/wch/toolchain/risc-v embedded gcc12/bin/../lib/gcc/riscv-wch-elf/12.2.0/rv32ec_zmmul_xw/ilp32e\libgcc.a
LOAD c:/mounriver/mounriver_studio2/resources/app/resources/win32/components/wch/toolchain/risc-v embedded gcc12/bin/../lib/gcc/riscv-wch-elf/12.2.0/../../../../riscv-wch-elf/lib/rv32ec_zmmul_xw/ilp32e\libg_nano.a
LOAD c:/mounriver/mounriver_studio2/resources/app/resources/win32/components/wch/toolchain/risc-v embedded gcc12/bin/../lib/gcc/riscv-wch-elf/12.2.0/../../../../riscv-wch-elf/lib/rv32ec_zmmul_xw/ilp32e\libc_nano.a
LOAD c:/mounriver/mounriver_studio2/resources/app/resources/win32/components/wch/toolchain/risc-v embedded gcc12/bin/../lib/gcc/riscv-wch-elf/12.2.0/rv32ec_zmmul_xw/ilp32e\libgcc.a
START GROUP
LOAD c:/mounriver/mounriver_studio2/resources/app/resources/win32/components/wch/toolchain/risc-v embedded gcc12/bin/../lib/gcc/riscv-wch-elf/12.2.0/rv32ec_zmmul_xw/ilp32e\libgcc.a
LOAD c:/mounriver/mounriver_studio2/resources/app/resources/win32/components/wch/toolchain/risc-v embedded gcc12/bin/../lib/gcc/riscv-wch-elf/12.2.0/../../../../riscv-wch-elf/lib/rv32ec_zmmul_xw/ilp32e\libc_nano.a
LOAD c:/mounriver/mounriver_studio2/resources/app/resources/win32/components/wch/toolchain/risc-v embedded gcc12/bin/../lib/gcc/riscv-wch-elf/12.2.0/../../../../riscv-wch-elf/lib/rv32ec_zmmul_xw/ilp32e\libnosys.a
END GROUP
START GROUP
LOAD c:/mounriver/mounriver_studio2/resources/app/resources/win32/components/wch/toolchain/risc-v embedded gcc12/bin/../lib/gcc/riscv-wch-elf/12.2.0/rv32ec_zmmul_xw/ilp32e\libgcc.a
LOAD c:/mounriver/mounriver_studio2/resources/app/resources/win32/components/wch/toolchain/risc-v embedded gcc12/bin/../lib/gcc/riscv-wch-elf/12.2.0/../../../../riscv-wch-elf/lib/rv32ec_zmmul_xw/ilp32e\libc_nano.a
LOAD c:/mounriver/mounriver_studio2/resources/app/resources/win32/components/wch/toolchain/risc-v embedded gcc12/bin/../lib/gcc/riscv-wch-elf/12.2.0/../../../../riscv-wch-elf/lib/rv32ec_zmmul_xw/ilp32e\libnosys.a
END GROUP
                0x0000000000000200                __stack_size = 0x200
                [!provide]                        PROVIDE (_stack_size = __stack_size)

.init           0x0000000000000000       0xa8
                0x0000000000000000                _sinit = .
                0x0000000000000000                . = ALIGN (0x4)
 *(SORT_NONE(.init))
 .init          0x0000000000000000       0xa6 ./Startup/startup_ch32v00X.o
                0x0000000000000000                _start
                0x00000000000000a8                . = ALIGN (0x4)
 *fill*         0x00000000000000a6        0x2 
                0x00000000000000a8                _einit = .

.text           0x00000000000000a8     0x38d0
                0x00000000000000a8                . = ALIGN (0x4)
 *(.text)
 .text          0x00000000000000a8       0x14 c:/mounriver/mounriver_studio2/resources/app/resources/win32/components/wch/toolchain/risc-v embedded gcc12/bin/../lib/gcc/riscv-wch-elf/12.2.0/rv32ec_zmmul_xw/ilp32e\libgcc.a(save-restore.o)
                0x00000000000000a8                __riscv_save_1
                0x00000000000000a8                __riscv_save_2
                0x00000000000000a8                __riscv_save_0
                0x00000000000000b2                __riscv_restore_0
                0x00000000000000b2                __riscv_restore_1
                0x00000000000000b2                __riscv_restore_2
 .text          0x00000000000000bc       0x7e c:/mounriver/mounriver_studio2/resources/app/resources/win32/components/wch/toolchain/risc-v embedded gcc12/bin/../lib/gcc/riscv-wch-elf/12.2.0/rv32ec_zmmul_xw/ilp32e\libgcc.a(div.o)
                0x00000000000000bc                __divsi3
                0x00000000000000c4                __udivsi3
                0x00000000000000c4                __hidden___udivsi3
                0x00000000000000f0                __umodsi3
                0x0000000000000114                __modsi3
 *(.text.*)
 .text.NMI_Handler
                0x000000000000013a        0x2 ./User/ch32v00X_it.o
                0x000000000000013a                NMI_Handler
 .text.HardFault_Handler
                0x000000000000013c       0x10 ./User/ch32v00X_it.o
                0x000000000000013c                HardFault_Handler
 .text.TIM1_PWMOut_Init
                0x000000000000014c       0xb2 ./User/main.o
                0x000000000000014c                TIM1_PWMOut_Init
 .text.fluctuate
                0x00000000000001fe       0xd0 ./User/main.o
                0x00000000000001fe                fluctuate
 .text.startup.main
                0x00000000000002ce       0xea ./User/main.o
                0x00000000000002ce                main
 .text.SystemInit
                0x00000000000003b8       0xc0 ./User/system_ch32v00X.o
                0x00000000000003b8                SystemInit
 .text.SystemCoreClockUpdate
                0x0000000000000478       0x62 ./User/system_ch32v00X.o
                0x0000000000000478                SystemCoreClockUpdate
 .text.vector_handler
                0x00000000000004da        0x2 ./Startup/startup_ch32v00X.o
                0x00000000000004da                OPCM_IRQHandler
                0x00000000000004da                TIM1_CC_IRQHandler
                0x00000000000004da                SysTick_Handler
                0x00000000000004da                PVD_IRQHandler
                0x00000000000004da                SPI1_IRQHandler
                0x00000000000004da                AWU_IRQHandler
                0x00000000000004da                EXTI7_0_IRQHandler
                0x00000000000004da                DMA1_Channel4_IRQHandler
                0x00000000000004da                ADC1_IRQHandler
                0x00000000000004da                DMA1_Channel7_IRQHandler
                0x00000000000004da                I2C1_EV_IRQHandler
                0x00000000000004da                DMA1_Channel6_IRQHandler
                0x00000000000004da                RCC_IRQHandler
                0x00000000000004da                TIM1_TRG_COM_IRQHandler
                0x00000000000004da                DMA1_Channel1_IRQHandler
                0x00000000000004da                DMA1_Channel5_IRQHandler
                0x00000000000004da                DMA1_Channel3_IRQHandler
                0x00000000000004da                TIM1_UP_IRQHandler
                0x00000000000004da                WWDG_IRQHandler
                0x00000000000004da                TIM2_IRQHandler
                0x00000000000004da                SW_Handler
                0x00000000000004da                TIM1_BRK_IRQHandler
                0x00000000000004da                USART2_IRQHandler
                0x00000000000004da                DMA1_Channel2_IRQHandler
                0x00000000000004da                FLASH_IRQHandler
                0x00000000000004da                USART1_IRQHandler
                0x00000000000004da                I2C1_ER_IRQHandler
 .text.handle_reset
                0x00000000000004dc       0x7e ./Startup/startup_ch32v00X.o
                0x00000000000004dc                handle_reset
 .text.GPIO_Init
                0x000000000000055a       0x76 ./Peripheral/src/ch32v00X_gpio.o
                0x000000000000055a                GPIO_Init
 .text.GPIO_WriteBit
                0x00000000000005d0        0xa ./Peripheral/src/ch32v00X_gpio.o
                0x00000000000005d0                GPIO_WriteBit
 .text.GPIO_IPD_Unused
                0x00000000000005da      0x2dc ./Peripheral/src/ch32v00X_gpio.o
                0x00000000000005da                GPIO_IPD_Unused
 .text.NVIC_PriorityGroupConfig
                0x00000000000008b6        0x6 ./Peripheral/src/ch32v00X_misc.o
                0x00000000000008b6                NVIC_PriorityGroupConfig
 .text.RCC_PB2PeriphClockCmd
                0x00000000000008bc       0x1e ./Peripheral/src/ch32v00X_rcc.o
                0x00000000000008bc                RCC_PB2PeriphClockCmd
 .text.TIM_TimeBaseInit
                0x00000000000008da       0x6c ./Peripheral/src/ch32v00X_tim.o
                0x00000000000008da                TIM_TimeBaseInit
 .text.TIM_OC4Init
                0x0000000000000946       0x68 ./Peripheral/src/ch32v00X_tim.o
                0x0000000000000946                TIM_OC4Init
 .text.TIM_Cmd  0x00000000000009ae       0x56 ./Peripheral/src/ch32v00X_tim.o
                0x00000000000009ae                TIM_Cmd
 .text.TIM_CtrlPWMOutputs
                0x0000000000000a04       0x16 ./Peripheral/src/ch32v00X_tim.o
                0x0000000000000a04                TIM_CtrlPWMOutputs
 .text.TIM_ARRPreloadConfig
                0x0000000000000a1a       0x58 ./Peripheral/src/ch32v00X_tim.o
                0x0000000000000a1a                TIM_ARRPreloadConfig
 .text.TIM_OC4PreloadConfig
                0x0000000000000a72       0x46 ./Peripheral/src/ch32v00X_tim.o
                0x0000000000000a72                TIM_OC4PreloadConfig
 .text.TIM_SetCompare4
                0x0000000000000ab8       0x28 ./Peripheral/src/ch32v00X_tim.o
                0x0000000000000ab8                TIM_SetCompare4
 .text.Delay_Init
                0x0000000000000ae0       0x30 ./Debug/debug.o
                0x0000000000000ae0                Delay_Init
 .text.Delay_Ms
                0x0000000000000b10       0x2e ./Debug/debug.o
                0x0000000000000b10                Delay_Ms
 .text._sbrk    0x0000000000000b3e       0x26 ./Debug/debug.o
                0x0000000000000b3e                _sbrk
 .text.__adddf3
                0x0000000000000b64      0x6fc c:/mounriver/mounriver_studio2/resources/app/resources/win32/components/wch/toolchain/risc-v embedded gcc12/bin/../lib/gcc/riscv-wch-elf/12.2.0/rv32ec_zmmul_xw/ilp32e\libgcc.a(adddf3.o)
                0x0000000000000b64                __adddf3
 .text.__divdf3
                0x0000000000001260      0x670 c:/mounriver/mounriver_studio2/resources/app/resources/win32/components/wch/toolchain/risc-v embedded gcc12/bin/../lib/gcc/riscv-wch-elf/12.2.0/rv32ec_zmmul_xw/ilp32e\libgcc.a(divdf3.o)
                0x0000000000001260                __divdf3
 .text.__gedf2  0x00000000000018d0       0xe2 c:/mounriver/mounriver_studio2/resources/app/resources/win32/components/wch/toolchain/risc-v embedded gcc12/bin/../lib/gcc/riscv-wch-elf/12.2.0/rv32ec_zmmul_xw/ilp32e\libgcc.a(gedf2.o)
                0x00000000000018d0                __gedf2
                0x00000000000018d0                __gtdf2
 .text.__ledf2  0x00000000000019b2       0xdc c:/mounriver/mounriver_studio2/resources/app/resources/win32/components/wch/toolchain/risc-v embedded gcc12/bin/../lib/gcc/riscv-wch-elf/12.2.0/rv32ec_zmmul_xw/ilp32e\libgcc.a(ledf2.o)
                0x00000000000019b2                __ledf2
                0x00000000000019b2                __ltdf2
 .text.__muldf3
                0x0000000000001a8e      0x57e c:/mounriver/mounriver_studio2/resources/app/resources/win32/components/wch/toolchain/risc-v embedded gcc12/bin/../lib/gcc/riscv-wch-elf/12.2.0/rv32ec_zmmul_xw/ilp32e\libgcc.a(muldf3.o)
                0x0000000000001a8e                __muldf3
 .text.__subdf3
                0x000000000000200c      0x76a c:/mounriver/mounriver_studio2/resources/app/resources/win32/components/wch/toolchain/risc-v embedded gcc12/bin/../lib/gcc/riscv-wch-elf/12.2.0/rv32ec_zmmul_xw/ilp32e\libgcc.a(subdf3.o)
                0x000000000000200c                __subdf3
 .text.__floatsidf
                0x0000000000002776       0x70 c:/mounriver/mounriver_studio2/resources/app/resources/win32/components/wch/toolchain/risc-v embedded gcc12/bin/../lib/gcc/riscv-wch-elf/12.2.0/rv32ec_zmmul_xw/ilp32e\libgcc.a(floatsidf.o)
                0x0000000000002776                __floatsidf
 .text.__addsf3
                0x00000000000027e6      0x35e c:/mounriver/mounriver_studio2/resources/app/resources/win32/components/wch/toolchain/risc-v embedded gcc12/bin/../lib/gcc/riscv-wch-elf/12.2.0/rv32ec_zmmul_xw/ilp32e\libgcc.a(addsf3.o)
                0x00000000000027e6                __addsf3
 .text.__lesf2  0x0000000000002b44       0x98 c:/mounriver/mounriver_studio2/resources/app/resources/win32/components/wch/toolchain/risc-v embedded gcc12/bin/../lib/gcc/riscv-wch-elf/12.2.0/rv32ec_zmmul_xw/ilp32e\libgcc.a(lesf2.o)
                0x0000000000002b44                __ltsf2
                0x0000000000002b44                __lesf2
 .text.__mulsf3
                0x0000000000002bdc      0x2e0 c:/mounriver/mounriver_studio2/resources/app/resources/win32/components/wch/toolchain/risc-v embedded gcc12/bin/../lib/gcc/riscv-wch-elf/12.2.0/rv32ec_zmmul_xw/ilp32e\libgcc.a(mulsf3.o)
                0x0000000000002bdc                __mulsf3
 .text.__subsf3
                0x0000000000002ebc      0x380 c:/mounriver/mounriver_studio2/resources/app/resources/win32/components/wch/toolchain/risc-v embedded gcc12/bin/../lib/gcc/riscv-wch-elf/12.2.0/rv32ec_zmmul_xw/ilp32e\libgcc.a(subsf3.o)
                0x0000000000002ebc                __subsf3
 .text.__fixunssfsi
                0x000000000000323c       0x52 c:/mounriver/mounriver_studio2/resources/app/resources/win32/components/wch/toolchain/risc-v embedded gcc12/bin/../lib/gcc/riscv-wch-elf/12.2.0/rv32ec_zmmul_xw/ilp32e\libgcc.a(fixunssfsi.o)
                0x000000000000323c                __fixunssfsi
 .text.__floatsisf
                0x000000000000328e       0xd4 c:/mounriver/mounriver_studio2/resources/app/resources/win32/components/wch/toolchain/risc-v embedded gcc12/bin/../lib/gcc/riscv-wch-elf/12.2.0/rv32ec_zmmul_xw/ilp32e\libgcc.a(floatsisf.o)
                0x000000000000328e                __floatsisf
 .text.__extendsfdf2
                0x0000000000003362       0xa6 c:/mounriver/mounriver_studio2/resources/app/resources/win32/components/wch/toolchain/risc-v embedded gcc12/bin/../lib/gcc/riscv-wch-elf/12.2.0/rv32ec_zmmul_xw/ilp32e\libgcc.a(extendsfdf2.o)
                0x0000000000003362                __extendsfdf2
 .text.__truncdfsf2
                0x0000000000003408      0x15c c:/mounriver/mounriver_studio2/resources/app/resources/win32/components/wch/toolchain/risc-v embedded gcc12/bin/../lib/gcc/riscv-wch-elf/12.2.0/rv32ec_zmmul_xw/ilp32e\libgcc.a(truncdfsf2.o)
                0x0000000000003408                __truncdfsf2
 .text.__clzsi2
                0x0000000000003564       0x68 c:/mounriver/mounriver_studio2/resources/app/resources/win32/components/wch/toolchain/risc-v embedded gcc12/bin/../lib/gcc/riscv-wch-elf/12.2.0/rv32ec_zmmul_xw/ilp32e\libgcc.a(_clzsi2.o)
                0x0000000000003564                __clzsi2
 .text.rand     0x00000000000035cc       0x86 c:/mounriver/mounriver_studio2/resources/app/resources/win32/components/wch/toolchain/risc-v embedded gcc12/bin/../lib/gcc/riscv-wch-elf/12.2.0/../../../../riscv-wch-elf/lib/rv32ec_zmmul_xw/ilp32e\libg_nano.a(lib_a-rand.o)
                0x00000000000035cc                rand
 .text.malloc   0x0000000000003652        0xc c:/mounriver/mounriver_studio2/resources/app/resources/win32/components/wch/toolchain/risc-v embedded gcc12/bin/../lib/gcc/riscv-wch-elf/12.2.0/../../../../riscv-wch-elf/lib/rv32ec_zmmul_xw/ilp32e\libg_nano.a(lib_a-malloc.o)
                0x0000000000003652                malloc
 .text.sbrk_aligned
                0x000000000000365e       0x50 c:/mounriver/mounriver_studio2/resources/app/resources/win32/components/wch/toolchain/risc-v embedded gcc12/bin/../lib/gcc/riscv-wch-elf/12.2.0/../../../../riscv-wch-elf/lib/rv32ec_zmmul_xw/ilp32e\libg_nano.a(lib_a-nano-mallocr.o)
 .text._malloc_r
                0x00000000000036ae      0x10c c:/mounriver/mounriver_studio2/resources/app/resources/win32/components/wch/toolchain/risc-v embedded gcc12/bin/../lib/gcc/riscv-wch-elf/12.2.0/../../../../riscv-wch-elf/lib/rv32ec_zmmul_xw/ilp32e\libg_nano.a(lib_a-nano-mallocr.o)
                0x00000000000036ae                _malloc_r
 .text._sbrk_r  0x00000000000037ba       0x28 c:/mounriver/mounriver_studio2/resources/app/resources/win32/components/wch/toolchain/risc-v embedded gcc12/bin/../lib/gcc/riscv-wch-elf/12.2.0/../../../../riscv-wch-elf/lib/rv32ec_zmmul_xw/ilp32e\libg_nano.a(lib_a-sbrkr.o)
                0x00000000000037ba                _sbrk_r
 .text.__malloc_lock
                0x00000000000037e2        0x6 c:/mounriver/mounriver_studio2/resources/app/resources/win32/components/wch/toolchain/risc-v embedded gcc12/bin/../lib/gcc/riscv-wch-elf/12.2.0/../../../../riscv-wch-elf/lib/rv32ec_zmmul_xw/ilp32e\libg_nano.a(lib_a-mlock.o)
                0x00000000000037e2                __malloc_lock
 .text.__malloc_unlock
                0x00000000000037e8        0x6 c:/mounriver/mounriver_studio2/resources/app/resources/win32/components/wch/toolchain/risc-v embedded gcc12/bin/../lib/gcc/riscv-wch-elf/12.2.0/../../../../riscv-wch-elf/lib/rv32ec_zmmul_xw/ilp32e\libg_nano.a(lib_a-mlock.o)
                0x00000000000037e8                __malloc_unlock
 .text.__retarget_lock_acquire_recursive
                0x00000000000037ee        0x2 c:/mounriver/mounriver_studio2/resources/app/resources/win32/components/wch/toolchain/risc-v embedded gcc12/bin/../lib/gcc/riscv-wch-elf/12.2.0/../../../../riscv-wch-elf/lib/rv32ec_zmmul_xw/ilp32e\libg_nano.a(lib_a-lock.o)
                0x00000000000037ee                __retarget_lock_acquire_recursive
 .text.__retarget_lock_release_recursive
                0x00000000000037f0        0x2 c:/mounriver/mounriver_studio2/resources/app/resources/win32/components/wch/toolchain/risc-v embedded gcc12/bin/../lib/gcc/riscv-wch-elf/12.2.0/../../../../riscv-wch-elf/lib/rv32ec_zmmul_xw/ilp32e\libg_nano.a(lib_a-lock.o)
                0x00000000000037f0                __retarget_lock_release_recursive
 *(.rodata)
 *(.rodata*)
 *fill*         0x00000000000037f2        0x2 
 .rodata.cst4   0x00000000000037f4       0x10 ./User/main.o
 *fill*         0x0000000000003804        0x4 
 .rodata.cst8   0x0000000000003808       0x30 ./User/main.o
 .rodata.__divdf3
                0x0000000000003838       0x40 c:/mounriver/mounriver_studio2/resources/app/resources/win32/components/wch/toolchain/risc-v embedded gcc12/bin/../lib/gcc/riscv-wch-elf/12.2.0/rv32ec_zmmul_xw/ilp32e\libgcc.a(divdf3.o)
 .rodata.__clz_tab
                0x0000000000003878      0x100 c:/mounriver/mounriver_studio2/resources/app/resources/win32/components/wch/toolchain/risc-v embedded gcc12/bin/../lib/gcc/riscv-wch-elf/12.2.0/rv32ec_zmmul_xw/ilp32e\libgcc.a(_clz.o)
                0x0000000000003878                __clz_tab
 *(.gnu.linkonce.t.*)
                0x0000000000003978                . = ALIGN (0x4)

.rela.dyn       0x0000000000003978        0x0
 .rela.init     0x0000000000003978        0x0 ./User/ch32v00X_it.o
 .rela.text.handle_reset
                0x0000000000003978        0x0 ./User/ch32v00X_it.o
 .rela.text._sbrk
                0x0000000000003978        0x0 ./User/ch32v00X_it.o
 .rela.data.curbrk.0
                0x0000000000003978        0x0 ./User/ch32v00X_it.o
 .rela.data.impure_data
                0x0000000000003978        0x0 ./User/ch32v00X_it.o

.fini           0x0000000000003978        0x0
 *(SORT_NONE(.fini))
                0x0000000000003978                . = ALIGN (0x4)
                [!provide]                        PROVIDE (_etext = .)
                [!provide]                        PROVIDE (_eitcm = .)

.preinit_array  0x0000000000003978        0x0
                [!provide]                        PROVIDE (__preinit_array_start = .)
 *(.preinit_array)
                [!provide]                        PROVIDE (__preinit_array_end = .)

.init_array     0x0000000000003978        0x0
                [!provide]                        PROVIDE (__init_array_start = .)
 *(SORT_BY_INIT_PRIORITY(.init_array.*) SORT_BY_INIT_PRIORITY(.ctors.*))
 *(.init_array EXCLUDE_FILE(*crtend?.o *crtend.o *crtbegin?.o *crtbegin.o) .ctors)
                [!provide]                        PROVIDE (__init_array_end = .)

.fini_array     0x0000000000003978        0x0
                [!provide]                        PROVIDE (__fini_array_start = .)
 *(SORT_BY_INIT_PRIORITY(.fini_array.*) SORT_BY_INIT_PRIORITY(.dtors.*))
 *(.fini_array EXCLUDE_FILE(*crtend?.o *crtend.o *crtbegin?.o *crtbegin.o) .dtors)
                [!provide]                        PROVIDE (__fini_array_end = .)

.ctors
 *crtbegin.o(.ctors)
 *crtbegin?.o(.ctors)
 *(EXCLUDE_FILE(*crtend?.o *crtend.o) .ctors)
 *(SORT_BY_NAME(.ctors.*))
 *(.ctors)

.dtors
 *crtbegin.o(.dtors)
 *crtbegin?.o(.dtors)
 *(EXCLUDE_FILE(*crtend?.o *crtend.o) .dtors)
 *(SORT_BY_NAME(.dtors.*))
 *(.dtors)

.dalign         0x0000000020000000        0x0 load address 0x0000000000003978
                0x0000000020000000                . = ALIGN (0x4)
                0x0000000020000000                PROVIDE (_data_vma = .)

.dlalign        0x0000000000003978        0x0
                0x0000000000003978                . = ALIGN (0x4)
                0x0000000000003978                PROVIDE (_data_lma = .)

.data           0x0000000020000000       0x80 load address 0x0000000000003978
                0x0000000020000000                . = ALIGN (0x4)
 *(.gnu.linkonce.r.*)
 *(.data .data.*)
 .data.HBPrescTable
                0x0000000020000000       0x10 ./User/system_ch32v00X.o
                0x0000000020000000                HBPrescTable
 .data.SystemCoreClock
                0x0000000020000010        0x4 ./User/system_ch32v00X.o
                0x0000000020000010                SystemCoreClock
 .data.curbrk.0
                0x0000000020000014        0x4 ./Debug/debug.o
 .data.impure_data
                0x0000000020000018       0x60 c:/mounriver/mounriver_studio2/resources/app/resources/win32/components/wch/toolchain/risc-v embedded gcc12/bin/../lib/gcc/riscv-wch-elf/12.2.0/../../../../riscv-wch-elf/lib/rv32ec_zmmul_xw/ilp32e\libg_nano.a(lib_a-impure.o)
 *(.gnu.linkonce.d.*)
                0x0000000020000078                . = ALIGN (0x8)
                0x0000000020000878                PROVIDE (__global_pointer$ = (. + 0x800))
 *(.sdata .sdata.*)
 .sdata._impure_ptr
                0x0000000020000078        0x4 c:/mounriver/mounriver_studio2/resources/app/resources/win32/components/wch/toolchain/risc-v embedded gcc12/bin/../lib/gcc/riscv-wch-elf/12.2.0/../../../../riscv-wch-elf/lib/rv32ec_zmmul_xw/ilp32e\libg_nano.a(lib_a-impure.o)
                0x0000000020000078                _impure_ptr
 *(.sdata2*)
 *(.gnu.linkonce.s.*)
                0x0000000020000080                . = ALIGN (0x8)
 *fill*         0x000000002000007c        0x4 
 *(.srodata.cst16)
 *(.srodata.cst8)
 *(.srodata.cst4)
 *(.srodata.cst2)
 *(.srodata .srodata.*)
                0x0000000020000080                . = ALIGN (0x4)
                0x0000000020000080                PROVIDE (_edata = .)

.bss            0x0000000020000080       0x18 load address 0x00000000000039f8
                0x0000000020000080                . = ALIGN (0x4)
                0x0000000020000080                PROVIDE (_sbss = .)
 *(.sbss*)
 .sbss.__malloc_sbrk_start
                0x0000000020000080        0x4 c:/mounriver/mounriver_studio2/resources/app/resources/win32/components/wch/toolchain/risc-v embedded gcc12/bin/../lib/gcc/riscv-wch-elf/12.2.0/../../../../riscv-wch-elf/lib/rv32ec_zmmul_xw/ilp32e\libg_nano.a(lib_a-nano-mallocr.o)
                0x0000000020000080                __malloc_sbrk_start
 .sbss.__malloc_free_list
                0x0000000020000084        0x4 c:/mounriver/mounriver_studio2/resources/app/resources/win32/components/wch/toolchain/risc-v embedded gcc12/bin/../lib/gcc/riscv-wch-elf/12.2.0/../../../../riscv-wch-elf/lib/rv32ec_zmmul_xw/ilp32e\libg_nano.a(lib_a-nano-mallocr.o)
                0x0000000020000084                __malloc_free_list
 .sbss.errno    0x0000000020000088        0x4 c:/mounriver/mounriver_studio2/resources/app/resources/win32/components/wch/toolchain/risc-v embedded gcc12/bin/../lib/gcc/riscv-wch-elf/12.2.0/../../../../riscv-wch-elf/lib/rv32ec_zmmul_xw/ilp32e\libg_nano.a(lib_a-reent.o)
                0x0000000020000088                errno
 .sbss.__lock___malloc_recursive_mutex
                0x000000002000008c        0x1 c:/mounriver/mounriver_studio2/resources/app/resources/win32/components/wch/toolchain/risc-v embedded gcc12/bin/../lib/gcc/riscv-wch-elf/12.2.0/../../../../riscv-wch-elf/lib/rv32ec_zmmul_xw/ilp32e\libg_nano.a(lib_a-lock.o)
                0x000000002000008c                __lock___malloc_recursive_mutex
 *(.gnu.linkonce.sb.*)
 *(.bss*)
 *fill*         0x000000002000008d        0x3 
 .bss.NVIC_Priority_Group
                0x0000000020000090        0x4 ./Peripheral/src/ch32v00X_misc.o
                0x0000000020000090                NVIC_Priority_Group
 .bss.p_ms      0x0000000020000094        0x2 ./Debug/debug.o
 .bss.p_us      0x0000000020000096        0x1 ./Debug/debug.o
 *(.gnu.linkonce.b.*)
 *(COMMON*)
                0x0000000020000098                . = ALIGN (0x4)
 *fill*         0x0000000020000097        0x1 
                0x0000000020000098                PROVIDE (_ebss = .)
                0x0000000020000098                PROVIDE (_end = _ebss)
                [!provide]                        PROVIDE (end = .)

.stack          0x0000000020000e00      0x200
                0x0000000020000e00                PROVIDE (_heap_end = .)
                0x0000000020000e00                . = ALIGN (0x4)
                [!provide]                        PROVIDE (_susrstack = .)
                0x0000000020001000                . = (. + __stack_size)
 *fill*         0x0000000020000e00      0x200 
                0x0000000020001000                PROVIDE (_eusrstack = .)
OUTPUT(CandleLight.elf elf32-littleriscv)

.debug_info     0x0000000000000000     0x4e5e
 .debug_info    0x0000000000000000      0x2f5 ./User/ch32v00X_it.o
 .debug_info    0x00000000000002f5      0xaf8 ./User/main.o
 .debug_info    0x0000000000000ded      0x328 ./User/system_ch32v00X.o
 .debug_info    0x0000000000001115       0x23 ./Startup/startup_ch32v00X.o
 .debug_info    0x0000000000001138      0x90a ./Peripheral/src/ch32v00X_gpio.o
 .debug_info    0x0000000000001a42      0x4f2 ./Peripheral/src/ch32v00X_misc.o
 .debug_info    0x0000000000001f34      0x8d7 ./Peripheral/src/ch32v00X_rcc.o
 .debug_info    0x000000000000280b     0x1fd4 ./Peripheral/src/ch32v00X_tim.o
 .debug_info    0x00000000000047df      0x67f ./Debug/debug.o

.debug_abbrev   0x0000000000000000     0x1053
 .debug_abbrev  0x0000000000000000       0xfe ./User/ch32v00X_it.o
 .debug_abbrev  0x00000000000000fe      0x260 ./User/main.o
 .debug_abbrev  0x000000000000035e      0x164 ./User/system_ch32v00X.o
 .debug_abbrev  0x00000000000004c2       0x12 ./Startup/startup_ch32v00X.o
 .debug_abbrev  0x00000000000004d4      0x1f0 ./Peripheral/src/ch32v00X_gpio.o
 .debug_abbrev  0x00000000000006c4      0x1c0 ./Peripheral/src/ch32v00X_misc.o
 .debug_abbrev  0x0000000000000884      0x23c ./Peripheral/src/ch32v00X_rcc.o
 .debug_abbrev  0x0000000000000ac0      0x330 ./Peripheral/src/ch32v00X_tim.o
 .debug_abbrev  0x0000000000000df0      0x263 ./Debug/debug.o

.debug_aranges  0x0000000000000000      0x5b8
 .debug_aranges
                0x0000000000000000       0x28 ./User/ch32v00X_it.o
 .debug_aranges
                0x0000000000000028       0x30 ./User/main.o
 .debug_aranges
                0x0000000000000058       0x28 ./User/system_ch32v00X.o
 .debug_aranges
                0x0000000000000080       0x30 ./Startup/startup_ch32v00X.o
 .debug_aranges
                0x00000000000000b0       0x98 ./Peripheral/src/ch32v00X_gpio.o
 .debug_aranges
                0x0000000000000148       0x28 ./Peripheral/src/ch32v00X_misc.o
 .debug_aranges
                0x0000000000000170      0x108 ./Peripheral/src/ch32v00X_rcc.o
 .debug_aranges
                0x0000000000000278      0x2f0 ./Peripheral/src/ch32v00X_tim.o
 .debug_aranges
                0x0000000000000568       0x50 ./Debug/debug.o

.debug_rnglists
                0x0000000000000000      0x623
 .debug_rnglists
                0x0000000000000000       0x1f ./User/ch32v00X_it.o
 .debug_rnglists
                0x000000000000001f       0x3b ./User/main.o
 .debug_rnglists
                0x000000000000005a       0x1f ./User/system_ch32v00X.o
 .debug_rnglists
                0x0000000000000079       0x21 ./Startup/startup_ch32v00X.o
 .debug_rnglists
                0x000000000000009a       0x9d ./Peripheral/src/ch32v00X_gpio.o
 .debug_rnglists
                0x0000000000000137       0x45 ./Peripheral/src/ch32v00X_misc.o
 .debug_rnglists
                0x000000000000017c      0x11b ./Peripheral/src/ch32v00X_rcc.o
 .debug_rnglists
                0x0000000000000297      0x340 ./Peripheral/src/ch32v00X_tim.o
 .debug_rnglists
                0x00000000000005d7       0x4c ./Debug/debug.o

.debug_line     0x0000000000000000     0x6a44
 .debug_line    0x0000000000000000       0xdb ./User/ch32v00X_it.o
 .debug_line    0x00000000000000db      0x557 ./User/main.o
 .debug_line    0x0000000000000632      0x41b ./User/system_ch32v00X.o
 .debug_line    0x0000000000000a4d      0x10e ./Startup/startup_ch32v00X.o
 .debug_line    0x0000000000000b5b      0xec3 ./Peripheral/src/ch32v00X_gpio.o
 .debug_line    0x0000000000001a1e      0x1d7 ./Peripheral/src/ch32v00X_misc.o
 .debug_line    0x0000000000001bf5      0xe41 ./Peripheral/src/ch32v00X_rcc.o
 .debug_line    0x0000000000002a36     0x39b8 ./Peripheral/src/ch32v00X_tim.o
 .debug_line    0x00000000000063ee      0x656 ./Debug/debug.o

.debug_str      0x0000000000000000     0x1aac
 .debug_str     0x0000000000000000      0x218 ./User/ch32v00X_it.o
                                        0x267 (size before relaxing)
 .debug_str     0x0000000000000218      0x566 ./User/main.o
                                        0x78c (size before relaxing)
 .debug_str     0x000000000000077e       0xdd ./User/system_ch32v00X.o
                                        0x2df (size before relaxing)
 .debug_str     0x000000000000085b       0x47 ./Startup/startup_ch32v00X.o
 .debug_str     0x00000000000008a2      0x1b3 ./Peripheral/src/ch32v00X_gpio.o
                                        0x509 (size before relaxing)
 .debug_str     0x0000000000000a55      0x272 ./Peripheral/src/ch32v00X_misc.o
                                        0x4e7 (size before relaxing)
 .debug_str     0x0000000000000cc7      0x353 ./Peripheral/src/ch32v00X_rcc.o
                                        0x64c (size before relaxing)
 .debug_str     0x000000000000101a      0x953 ./Peripheral/src/ch32v00X_tim.o
                                        0xec3 (size before relaxing)
 .debug_str     0x000000000000196d      0x13f ./Debug/debug.o
                                        0x4eb (size before relaxing)

.debug_line_str
                0x0000000000000000      0x488
 .debug_line_str
                0x0000000000000000      0x191 ./User/ch32v00X_it.o
                                        0x1ca (size before relaxing)
 .debug_line_str
                0x0000000000000191      0x162 ./User/main.o
                                        0x308 (size before relaxing)
 .debug_line_str
                0x00000000000002f3       0x1a ./User/system_ch32v00X.o
                                        0x21e (size before relaxing)
 .debug_line_str
                0x000000000000030d       0x1e ./Startup/startup_ch32v00X.o
                                         0x4e (size before relaxing)
 .debug_line_str
                0x000000000000032b       0x34 ./Peripheral/src/ch32v00X_gpio.o
                                        0x236 (size before relaxing)
 .debug_line_str
                0x000000000000035f       0x22 ./Peripheral/src/ch32v00X_misc.o
                                        0x227 (size before relaxing)
 .debug_line_str
                0x0000000000000381       0x21 ./Peripheral/src/ch32v00X_rcc.o
                                        0x223 (size before relaxing)
 .debug_line_str
                0x00000000000003a2       0x21 ./Peripheral/src/ch32v00X_tim.o
                                        0x232 (size before relaxing)
 .debug_line_str
                0x00000000000003c3       0xc5 ./Debug/debug.o
                                        0x2e7 (size before relaxing)

.comment        0x0000000000000000       0x31
 .comment       0x0000000000000000       0x31 ./User/ch32v00X_it.o
                                         0x32 (size before relaxing)
 .comment       0x0000000000000031       0x32 ./User/main.o
 .comment       0x0000000000000031       0x32 ./User/system_ch32v00X.o
 .comment       0x0000000000000031       0x32 ./Peripheral/src/ch32v00X_gpio.o
 .comment       0x0000000000000031       0x32 ./Peripheral/src/ch32v00X_misc.o
 .comment       0x0000000000000031       0x32 ./Peripheral/src/ch32v00X_rcc.o
 .comment       0x0000000000000031       0x32 ./Peripheral/src/ch32v00X_tim.o
 .comment       0x0000000000000031       0x32 ./Debug/debug.o
 .comment       0x0000000000000031       0x32 c:/mounriver/mounriver_studio2/resources/app/resources/win32/components/wch/toolchain/risc-v embedded gcc12/bin/../lib/gcc/riscv-wch-elf/12.2.0/rv32ec_zmmul_xw/ilp32e\libgcc.a(adddf3.o)
 .comment       0x0000000000000031       0x32 c:/mounriver/mounriver_studio2/resources/app/resources/win32/components/wch/toolchain/risc-v embedded gcc12/bin/../lib/gcc/riscv-wch-elf/12.2.0/rv32ec_zmmul_xw/ilp32e\libgcc.a(divdf3.o)
 .comment       0x0000000000000031       0x32 c:/mounriver/mounriver_studio2/resources/app/resources/win32/components/wch/toolchain/risc-v embedded gcc12/bin/../lib/gcc/riscv-wch-elf/12.2.0/rv32ec_zmmul_xw/ilp32e\libgcc.a(gedf2.o)
 .comment       0x0000000000000031       0x32 c:/mounriver/mounriver_studio2/resources/app/resources/win32/components/wch/toolchain/risc-v embedded gcc12/bin/../lib/gcc/riscv-wch-elf/12.2.0/rv32ec_zmmul_xw/ilp32e\libgcc.a(ledf2.o)
 .comment       0x0000000000000031       0x32 c:/mounriver/mounriver_studio2/resources/app/resources/win32/components/wch/toolchain/risc-v embedded gcc12/bin/../lib/gcc/riscv-wch-elf/12.2.0/rv32ec_zmmul_xw/ilp32e\libgcc.a(muldf3.o)
 .comment       0x0000000000000031       0x32 c:/mounriver/mounriver_studio2/resources/app/resources/win32/components/wch/toolchain/risc-v embedded gcc12/bin/../lib/gcc/riscv-wch-elf/12.2.0/rv32ec_zmmul_xw/ilp32e\libgcc.a(subdf3.o)
 .comment       0x0000000000000031       0x32 c:/mounriver/mounriver_studio2/resources/app/resources/win32/components/wch/toolchain/risc-v embedded gcc12/bin/../lib/gcc/riscv-wch-elf/12.2.0/rv32ec_zmmul_xw/ilp32e\libgcc.a(floatsidf.o)
 .comment       0x0000000000000031       0x32 c:/mounriver/mounriver_studio2/resources/app/resources/win32/components/wch/toolchain/risc-v embedded gcc12/bin/../lib/gcc/riscv-wch-elf/12.2.0/rv32ec_zmmul_xw/ilp32e\libgcc.a(addsf3.o)
 .comment       0x0000000000000031       0x32 c:/mounriver/mounriver_studio2/resources/app/resources/win32/components/wch/toolchain/risc-v embedded gcc12/bin/../lib/gcc/riscv-wch-elf/12.2.0/rv32ec_zmmul_xw/ilp32e\libgcc.a(lesf2.o)
 .comment       0x0000000000000031       0x32 c:/mounriver/mounriver_studio2/resources/app/resources/win32/components/wch/toolchain/risc-v embedded gcc12/bin/../lib/gcc/riscv-wch-elf/12.2.0/rv32ec_zmmul_xw/ilp32e\libgcc.a(mulsf3.o)
 .comment       0x0000000000000031       0x32 c:/mounriver/mounriver_studio2/resources/app/resources/win32/components/wch/toolchain/risc-v embedded gcc12/bin/../lib/gcc/riscv-wch-elf/12.2.0/rv32ec_zmmul_xw/ilp32e\libgcc.a(subsf3.o)
 .comment       0x0000000000000031       0x32 c:/mounriver/mounriver_studio2/resources/app/resources/win32/components/wch/toolchain/risc-v embedded gcc12/bin/../lib/gcc/riscv-wch-elf/12.2.0/rv32ec_zmmul_xw/ilp32e\libgcc.a(fixunssfsi.o)
 .comment       0x0000000000000031       0x32 c:/mounriver/mounriver_studio2/resources/app/resources/win32/components/wch/toolchain/risc-v embedded gcc12/bin/../lib/gcc/riscv-wch-elf/12.2.0/rv32ec_zmmul_xw/ilp32e\libgcc.a(floatsisf.o)
 .comment       0x0000000000000031       0x32 c:/mounriver/mounriver_studio2/resources/app/resources/win32/components/wch/toolchain/risc-v embedded gcc12/bin/../lib/gcc/riscv-wch-elf/12.2.0/rv32ec_zmmul_xw/ilp32e\libgcc.a(extendsfdf2.o)
 .comment       0x0000000000000031       0x32 c:/mounriver/mounriver_studio2/resources/app/resources/win32/components/wch/toolchain/risc-v embedded gcc12/bin/../lib/gcc/riscv-wch-elf/12.2.0/rv32ec_zmmul_xw/ilp32e\libgcc.a(truncdfsf2.o)
 .comment       0x0000000000000031       0x32 c:/mounriver/mounriver_studio2/resources/app/resources/win32/components/wch/toolchain/risc-v embedded gcc12/bin/../lib/gcc/riscv-wch-elf/12.2.0/rv32ec_zmmul_xw/ilp32e\libgcc.a(_clzsi2.o)
 .comment       0x0000000000000031       0x32 c:/mounriver/mounriver_studio2/resources/app/resources/win32/components/wch/toolchain/risc-v embedded gcc12/bin/../lib/gcc/riscv-wch-elf/12.2.0/rv32ec_zmmul_xw/ilp32e\libgcc.a(_clz.o)
 .comment       0x0000000000000031       0x32 c:/mounriver/mounriver_studio2/resources/app/resources/win32/components/wch/toolchain/risc-v embedded gcc12/bin/../lib/gcc/riscv-wch-elf/12.2.0/../../../../riscv-wch-elf/lib/rv32ec_zmmul_xw/ilp32e\libg_nano.a(lib_a-rand.o)
 .comment       0x0000000000000031       0x32 c:/mounriver/mounriver_studio2/resources/app/resources/win32/components/wch/toolchain/risc-v embedded gcc12/bin/../lib/gcc/riscv-wch-elf/12.2.0/../../../../riscv-wch-elf/lib/rv32ec_zmmul_xw/ilp32e\libg_nano.a(lib_a-impure.o)
 .comment       0x0000000000000031       0x32 c:/mounriver/mounriver_studio2/resources/app/resources/win32/components/wch/toolchain/risc-v embedded gcc12/bin/../lib/gcc/riscv-wch-elf/12.2.0/../../../../riscv-wch-elf/lib/rv32ec_zmmul_xw/ilp32e\libg_nano.a(lib_a-malloc.o)
 .comment       0x0000000000000031       0x32 c:/mounriver/mounriver_studio2/resources/app/resources/win32/components/wch/toolchain/risc-v embedded gcc12/bin/../lib/gcc/riscv-wch-elf/12.2.0/../../../../riscv-wch-elf/lib/rv32ec_zmmul_xw/ilp32e\libg_nano.a(lib_a-nano-mallocr.o)
 .comment       0x0000000000000031       0x32 c:/mounriver/mounriver_studio2/resources/app/resources/win32/components/wch/toolchain/risc-v embedded gcc12/bin/../lib/gcc/riscv-wch-elf/12.2.0/../../../../riscv-wch-elf/lib/rv32ec_zmmul_xw/ilp32e\libg_nano.a(lib_a-sbrkr.o)
 .comment       0x0000000000000031       0x32 c:/mounriver/mounriver_studio2/resources/app/resources/win32/components/wch/toolchain/risc-v embedded gcc12/bin/../lib/gcc/riscv-wch-elf/12.2.0/../../../../riscv-wch-elf/lib/rv32ec_zmmul_xw/ilp32e\libg_nano.a(lib_a-mlock.o)
 .comment       0x0000000000000031       0x32 c:/mounriver/mounriver_studio2/resources/app/resources/win32/components/wch/toolchain/risc-v embedded gcc12/bin/../lib/gcc/riscv-wch-elf/12.2.0/../../../../riscv-wch-elf/lib/rv32ec_zmmul_xw/ilp32e\libg_nano.a(lib_a-reent.o)
 .comment       0x0000000000000031       0x32 c:/mounriver/mounriver_studio2/resources/app/resources/win32/components/wch/toolchain/risc-v embedded gcc12/bin/../lib/gcc/riscv-wch-elf/12.2.0/../../../../riscv-wch-elf/lib/rv32ec_zmmul_xw/ilp32e\libg_nano.a(lib_a-lock.o)

.riscv.attributes
                0x0000000000000000       0x30
 .riscv.attributes
                0x0000000000000000       0x30 ./User/ch32v00X_it.o
 .riscv.attributes
                0x0000000000000030       0x30 ./User/main.o
 .riscv.attributes
                0x0000000000000060       0x30 ./User/system_ch32v00X.o
 .riscv.attributes
                0x0000000000000090       0x2e ./Startup/startup_ch32v00X.o
 .riscv.attributes
                0x00000000000000be       0x30 ./Peripheral/src/ch32v00X_gpio.o
 .riscv.attributes
                0x00000000000000ee       0x30 ./Peripheral/src/ch32v00X_misc.o
 .riscv.attributes
                0x000000000000011e       0x30 ./Peripheral/src/ch32v00X_rcc.o
 .riscv.attributes
                0x000000000000014e       0x30 ./Peripheral/src/ch32v00X_tim.o
 .riscv.attributes
                0x000000000000017e       0x30 ./Debug/debug.o
 .riscv.attributes
                0x00000000000001ae       0x30 c:/mounriver/mounriver_studio2/resources/app/resources/win32/components/wch/toolchain/risc-v embedded gcc12/bin/../lib/gcc/riscv-wch-elf/12.2.0/rv32ec_zmmul_xw/ilp32e\libgcc.a(adddf3.o)
 .riscv.attributes
                0x00000000000001de       0x30 c:/mounriver/mounriver_studio2/resources/app/resources/win32/components/wch/toolchain/risc-v embedded gcc12/bin/../lib/gcc/riscv-wch-elf/12.2.0/rv32ec_zmmul_xw/ilp32e\libgcc.a(divdf3.o)
 .riscv.attributes
                0x000000000000020e       0x30 c:/mounriver/mounriver_studio2/resources/app/resources/win32/components/wch/toolchain/risc-v embedded gcc12/bin/../lib/gcc/riscv-wch-elf/12.2.0/rv32ec_zmmul_xw/ilp32e\libgcc.a(gedf2.o)
 .riscv.attributes
                0x000000000000023e       0x30 c:/mounriver/mounriver_studio2/resources/app/resources/win32/components/wch/toolchain/risc-v embedded gcc12/bin/../lib/gcc/riscv-wch-elf/12.2.0/rv32ec_zmmul_xw/ilp32e\libgcc.a(ledf2.o)
 .riscv.attributes
                0x000000000000026e       0x30 c:/mounriver/mounriver_studio2/resources/app/resources/win32/components/wch/toolchain/risc-v embedded gcc12/bin/../lib/gcc/riscv-wch-elf/12.2.0/rv32ec_zmmul_xw/ilp32e\libgcc.a(muldf3.o)
 .riscv.attributes
                0x000000000000029e       0x30 c:/mounriver/mounriver_studio2/resources/app/resources/win32/components/wch/toolchain/risc-v embedded gcc12/bin/../lib/gcc/riscv-wch-elf/12.2.0/rv32ec_zmmul_xw/ilp32e\libgcc.a(subdf3.o)
 .riscv.attributes
                0x00000000000002ce       0x30 c:/mounriver/mounriver_studio2/resources/app/resources/win32/components/wch/toolchain/risc-v embedded gcc12/bin/../lib/gcc/riscv-wch-elf/12.2.0/rv32ec_zmmul_xw/ilp32e\libgcc.a(floatsidf.o)
 .riscv.attributes
                0x00000000000002fe       0x30 c:/mounriver/mounriver_studio2/resources/app/resources/win32/components/wch/toolchain/risc-v embedded gcc12/bin/../lib/gcc/riscv-wch-elf/12.2.0/rv32ec_zmmul_xw/ilp32e\libgcc.a(addsf3.o)
 .riscv.attributes
                0x000000000000032e       0x30 c:/mounriver/mounriver_studio2/resources/app/resources/win32/components/wch/toolchain/risc-v embedded gcc12/bin/../lib/gcc/riscv-wch-elf/12.2.0/rv32ec_zmmul_xw/ilp32e\libgcc.a(lesf2.o)
 .riscv.attributes
                0x000000000000035e       0x30 c:/mounriver/mounriver_studio2/resources/app/resources/win32/components/wch/toolchain/risc-v embedded gcc12/bin/../lib/gcc/riscv-wch-elf/12.2.0/rv32ec_zmmul_xw/ilp32e\libgcc.a(mulsf3.o)
 .riscv.attributes
                0x000000000000038e       0x30 c:/mounriver/mounriver_studio2/resources/app/resources/win32/components/wch/toolchain/risc-v embedded gcc12/bin/../lib/gcc/riscv-wch-elf/12.2.0/rv32ec_zmmul_xw/ilp32e\libgcc.a(subsf3.o)
 .riscv.attributes
                0x00000000000003be       0x30 c:/mounriver/mounriver_studio2/resources/app/resources/win32/components/wch/toolchain/risc-v embedded gcc12/bin/../lib/gcc/riscv-wch-elf/12.2.0/rv32ec_zmmul_xw/ilp32e\libgcc.a(fixunssfsi.o)
 .riscv.attributes
                0x00000000000003ee       0x30 c:/mounriver/mounriver_studio2/resources/app/resources/win32/components/wch/toolchain/risc-v embedded gcc12/bin/../lib/gcc/riscv-wch-elf/12.2.0/rv32ec_zmmul_xw/ilp32e\libgcc.a(floatsisf.o)
 .riscv.attributes
                0x000000000000041e       0x30 c:/mounriver/mounriver_studio2/resources/app/resources/win32/components/wch/toolchain/risc-v embedded gcc12/bin/../lib/gcc/riscv-wch-elf/12.2.0/rv32ec_zmmul_xw/ilp32e\libgcc.a(extendsfdf2.o)
 .riscv.attributes
                0x000000000000044e       0x30 c:/mounriver/mounriver_studio2/resources/app/resources/win32/components/wch/toolchain/risc-v embedded gcc12/bin/../lib/gcc/riscv-wch-elf/12.2.0/rv32ec_zmmul_xw/ilp32e\libgcc.a(truncdfsf2.o)
 .riscv.attributes
                0x000000000000047e       0x2e c:/mounriver/mounriver_studio2/resources/app/resources/win32/components/wch/toolchain/risc-v embedded gcc12/bin/../lib/gcc/riscv-wch-elf/12.2.0/rv32ec_zmmul_xw/ilp32e\libgcc.a(save-restore.o)
 .riscv.attributes
                0x00000000000004ac       0x2e c:/mounriver/mounriver_studio2/resources/app/resources/win32/components/wch/toolchain/risc-v embedded gcc12/bin/../lib/gcc/riscv-wch-elf/12.2.0/rv32ec_zmmul_xw/ilp32e\libgcc.a(div.o)
 .riscv.attributes
                0x00000000000004da       0x30 c:/mounriver/mounriver_studio2/resources/app/resources/win32/components/wch/toolchain/risc-v embedded gcc12/bin/../lib/gcc/riscv-wch-elf/12.2.0/rv32ec_zmmul_xw/ilp32e\libgcc.a(_clzsi2.o)
 .riscv.attributes
                0x000000000000050a       0x30 c:/mounriver/mounriver_studio2/resources/app/resources/win32/components/wch/toolchain/risc-v embedded gcc12/bin/../lib/gcc/riscv-wch-elf/12.2.0/rv32ec_zmmul_xw/ilp32e\libgcc.a(_clz.o)
 .riscv.attributes
                0x000000000000053a       0x30 c:/mounriver/mounriver_studio2/resources/app/resources/win32/components/wch/toolchain/risc-v embedded gcc12/bin/../lib/gcc/riscv-wch-elf/12.2.0/../../../../riscv-wch-elf/lib/rv32ec_zmmul_xw/ilp32e\libg_nano.a(lib_a-rand.o)
 .riscv.attributes
                0x000000000000056a       0x30 c:/mounriver/mounriver_studio2/resources/app/resources/win32/components/wch/toolchain/risc-v embedded gcc12/bin/../lib/gcc/riscv-wch-elf/12.2.0/../../../../riscv-wch-elf/lib/rv32ec_zmmul_xw/ilp32e\libg_nano.a(lib_a-impure.o)
 .riscv.attributes
                0x000000000000059a       0x30 c:/mounriver/mounriver_studio2/resources/app/resources/win32/components/wch/toolchain/risc-v embedded gcc12/bin/../lib/gcc/riscv-wch-elf/12.2.0/../../../../riscv-wch-elf/lib/rv32ec_zmmul_xw/ilp32e\libg_nano.a(lib_a-malloc.o)
 .riscv.attributes
                0x00000000000005ca       0x30 c:/mounriver/mounriver_studio2/resources/app/resources/win32/components/wch/toolchain/risc-v embedded gcc12/bin/../lib/gcc/riscv-wch-elf/12.2.0/../../../../riscv-wch-elf/lib/rv32ec_zmmul_xw/ilp32e\libg_nano.a(lib_a-nano-mallocr.o)
 .riscv.attributes
                0x00000000000005fa       0x30 c:/mounriver/mounriver_studio2/resources/app/resources/win32/components/wch/toolchain/risc-v embedded gcc12/bin/../lib/gcc/riscv-wch-elf/12.2.0/../../../../riscv-wch-elf/lib/rv32ec_zmmul_xw/ilp32e\libg_nano.a(lib_a-sbrkr.o)
 .riscv.attributes
                0x000000000000062a       0x30 c:/mounriver/mounriver_studio2/resources/app/resources/win32/components/wch/toolchain/risc-v embedded gcc12/bin/../lib/gcc/riscv-wch-elf/12.2.0/../../../../riscv-wch-elf/lib/rv32ec_zmmul_xw/ilp32e\libg_nano.a(lib_a-mlock.o)
 .riscv.attributes
                0x000000000000065a       0x30 c:/mounriver/mounriver_studio2/resources/app/resources/win32/components/wch/toolchain/risc-v embedded gcc12/bin/../lib/gcc/riscv-wch-elf/12.2.0/../../../../riscv-wch-elf/lib/rv32ec_zmmul_xw/ilp32e\libg_nano.a(lib_a-reent.o)
 .riscv.attributes
                0x000000000000068a       0x30 c:/mounriver/mounriver_studio2/resources/app/resources/win32/components/wch/toolchain/risc-v embedded gcc12/bin/../lib/gcc/riscv-wch-elf/12.2.0/../../../../riscv-wch-elf/lib/rv32ec_zmmul_xw/ilp32e\libg_nano.a(lib_a-lock.o)

.debug_frame    0x0000000000000000      0xb64
 .debug_frame   0x0000000000000000       0x30 ./User/ch32v00X_it.o
 .debug_frame   0x0000000000000030       0x7c ./User/main.o
 .debug_frame   0x00000000000000ac       0x4c ./User/system_ch32v00X.o
 .debug_frame   0x00000000000000f8      0x158 ./Peripheral/src/ch32v00X_gpio.o
 .debug_frame   0x0000000000000250       0x30 ./Peripheral/src/ch32v00X_misc.o
 .debug_frame   0x0000000000000280      0x210 ./Peripheral/src/ch32v00X_rcc.o
 .debug_frame   0x0000000000000490      0x628 ./Peripheral/src/ch32v00X_tim.o
 .debug_frame   0x0000000000000ab8       0xac ./Debug/debug.o

.debug_loclists
                0x0000000000000000     0x2194
 .debug_loclists
                0x0000000000000000      0x1a4 ./User/main.o
 .debug_loclists
                0x00000000000001a4       0x91 ./User/system_ch32v00X.o
 .debug_loclists
                0x0000000000000235      0x6e0 ./Peripheral/src/ch32v00X_gpio.o
 .debug_loclists
                0x0000000000000915       0x3e ./Peripheral/src/ch32v00X_misc.o
 .debug_loclists
                0x0000000000000953      0x413 ./Peripheral/src/ch32v00X_rcc.o
 .debug_loclists
                0x0000000000000d66     0x1312 ./Peripheral/src/ch32v00X_tim.o
 .debug_loclists
                0x0000000000002078      0x11c ./Debug/debug.o
